// Jest Snapshot v1, https://goo.gl/fbAQLP

exports[`should render expence list item  1`] = `
<div
  className="ui segment"
>
  <i
    className="ui teal right ribbon label"
  >
    Expance
  </i>
  <Link
    to="/edit/1"
  >
    <h2>
      gas bill
    </h2>
  </Link>
  <p>
    <i
      className="calendar alternate outline icon"
    />
    createdAt :
    2000
  </p>
  <h3>
    <i
      className="money bill alternate outline icon"
    />
     amount:
    250
  </h3>
  <button
    className="ui button"
    onClick={[Function]}
  >
    Discard
  </button>
</div>
`;
