// Jest Snapshot v1, https://goo.gl/fbAQLP

exports[`Header snapshot 1`] = `
<div
  className="ui menu"
>
  <header
    className="header item"
  >
    <h1>
      Expensify
    </h1>
    <Link
      className="item"
      to="/dashboard"
    >
      <div
        className="ui pramiry primary button"
      >
        Dashboard
      </div>
    </Link>
    <Link
      activeClassName="is-active"
      className="item"
      to="/create"
    >
      <div
        className="ui button"
      >
        Create Expense
      </div>
    </Link>
    <button
      className="ui secondary button"
      onClick={[Function]}
    >
      Logout
    </button>
  </header>
</div>
`;

exports[`should  1`] = `
<div
  className="ui menu"
>
  <header
    className="header item"
  >
    <h1>
      Expensify
    </h1>
    <Link
      className="item"
      to="/dashboard"
    >
      <div
        className="ui pramiry primary button"
      >
        Dashboard
      </div>
    </Link>
    <Link
      activeClassName="is-active"
      className="item"
      to="/create"
    >
      <div
        className="ui button"
      >
        Create Expense
      </div>
    </Link>
    <button
      className="ui secondary button"
      onClick={[Function]}
    >
      Logout
    </button>
  </header>
</div>
`;
